// Jest Snapshot v1, https://goo.gl/fbAQLP

exports[`Config Form should be rendered correctly 1`] = `
Object {
  "asFragment": [Function],
  "baseElement": <body>
    <div>
      <form
        class="configForm"
        data-test-id="product-config-form"
      >
        <div
          aria-haspopup="listbox"
          aria-owns="downshift-1-menu"
          class="select__component_1frn5 select"
          data-test-id="color-select"
          role="combobox"
          tabindex="-1"
        >
          <div
            class="select__component_5l6nj"
          >
            <div
              class="form-control__component_3j482 form-control__component_tvifb form-control__s_3j482 form-control__block_3j482 form-control__hasRightAddons_3j482"
            >
              <div
                aria-controls="downshift-1-menu"
                aria-labelledby="downshift-1-label"
                class="select__field_5l6nj form-control__inner_3j482 form-control__inner_tvifb form-control__filled_3j482 form-control__filled_tvifb form-control__hasInnerLabel_3j482"
                data-test-id="color-select-field"
                id="downshift-0-input"
                tabindex="0"
              >
                <div
                  class="form-control__inputWrapper_3j482"
                >
                  <span
                    aria-hidden="true"
                    class="form-control__hiddenLabel_3j482"
                  >
                    <span
                      for="downshift-0-input"
                      id="downshift-1-label"
                    >
                      цвет
                    </span>
                  </span>
                  <div
                    class="form-control__label_3j482 form-control__label_tvifb"
                  >
                    <span
                      class="form-control__labelInner_3j482"
                    >
                      <span
                        for="downshift-0-input"
                        id="downshift-1-label"
                      >
                        цвет
                      </span>
                    </span>
                  </div>
                  <div
                    class="form-control__input_3j482"
                  >
                    <div
                      class="select__contentWrapper_5l6nj"
                    >
                      <div
                        class="select__value_5l6nj"
                      >
                        <span>
                          белый
                        </span>
                      </div>
                    </div>
                  </div>
                </div>
                <div
                  class="form-control__addons_3j482 form-control__rightAddons_3j482"
                >
                  <svg
                    class="select__arrow_cajh7 select__arrow_5l6nj"
                    fill="currentColor"
                    focusable="false"
                    height="24"
                    role="img"
                    viewBox="0 0 24 24"
                    width="24"
                  >
                    <path
                      d="M12 14L6.5 8.5 5 10l7 7 7-7-1.5-1.5L12 14z"
                    />
                  </svg>
                </div>
              </div>
            </div>
          </div>
          <input
            name="colors"
            type="hidden"
            value="0"
          />
        </div>
        <div
          aria-haspopup="listbox"
          aria-owns="downshift-3-menu"
          class="select__component_1frn5 select"
          data-test-id="size-select"
          role="combobox"
          tabindex="-1"
        >
          <div
            class="select__component_5l6nj"
          >
            <div
              class="form-control__component_3j482 form-control__component_tvifb form-control__s_3j482 form-control__block_3j482 form-control__hasRightAddons_3j482"
            >
              <div
                aria-controls="downshift-3-menu"
                aria-labelledby="downshift-3-label"
                class="select__field_5l6nj form-control__inner_3j482 form-control__inner_tvifb form-control__filled_3j482 form-control__filled_tvifb form-control__hasInnerLabel_3j482"
                data-test-id="size-select-field"
                id="downshift-2-input"
                tabindex="0"
              >
                <div
                  class="form-control__inputWrapper_3j482"
                >
                  <span
                    aria-hidden="true"
                    class="form-control__hiddenLabel_3j482"
                  >
                    <span
                      for="downshift-2-input"
                      id="downshift-3-label"
                    >
                      размер
                    </span>
                  </span>
                  <div
                    class="form-control__label_3j482 form-control__label_tvifb"
                  >
                    <span
                      class="form-control__labelInner_3j482"
                    >
                      <span
                        for="downshift-2-input"
                        id="downshift-3-label"
                      >
                        размер
                      </span>
                    </span>
                  </div>
                  <div
                    class="form-control__input_3j482"
                  >
                    <div
                      class="select__contentWrapper_5l6nj"
                    >
                      <div
                        class="select__value_5l6nj"
                      >
                        <span>
                          M
                        </span>
                      </div>
                    </div>
                  </div>
                </div>
                <div
                  class="form-control__addons_3j482 form-control__rightAddons_3j482"
                >
                  <svg
                    class="select__arrow_cajh7 select__arrow_5l6nj"
                    fill="currentColor"
                    focusable="false"
                    height="24"
                    role="img"
                    viewBox="0 0 24 24"
                    width="24"
                  >
                    <path
                      d="M12 14L6.5 8.5 5 10l7 7 7-7-1.5-1.5L12 14z"
                    />
                  </svg>
                </div>
              </div>
            </div>
          </div>
          <input
            name="sizes"
            type="hidden"
            value="0"
          />
        </div>
        <div
          aria-haspopup="listbox"
          aria-owns="downshift-5-menu"
          class="select__component_1frn5 select"
          data-test-id="stickerNumber-select"
          role="combobox"
          tabindex="-1"
        >
          <div
            class="select__component_5l6nj"
          >
            <div
              class="form-control__component_3j482 form-control__component_tvifb form-control__s_3j482 form-control__block_3j482 form-control__hasRightAddons_3j482"
            >
              <div
                aria-controls="downshift-5-menu"
                aria-labelledby="downshift-5-label"
                class="select__field_5l6nj form-control__inner_3j482 form-control__inner_tvifb form-control__filled_3j482 form-control__filled_tvifb form-control__hasInnerLabel_3j482"
                data-test-id="stickerNumber-select-field"
                id="downshift-4-input"
                tabindex="0"
              >
                <div
                  class="form-control__inputWrapper_3j482"
                >
                  <span
                    aria-hidden="true"
                    class="form-control__hiddenLabel_3j482"
                  >
                    <span
                      for="downshift-4-input"
                      id="downshift-5-label"
                    >
                      номер стикера
                    </span>
                  </span>
                  <div
                    class="form-control__label_3j482 form-control__label_tvifb"
                  >
                    <span
                      class="form-control__labelInner_3j482"
                    >
                      <span
                        for="downshift-4-input"
                        id="downshift-5-label"
                      >
                        номер стикера
                      </span>
                    </span>
                  </div>
                  <div
                    class="form-control__input_3j482"
                  >
                    <div
                      class="select__contentWrapper_5l6nj"
                    >
                      <div
                        class="select__value_5l6nj"
                      >
                        <span>
                          1
                        </span>
                      </div>
                    </div>
                  </div>
                </div>
                <div
                  class="form-control__addons_3j482 form-control__rightAddons_3j482"
                >
                  <svg
                    class="select__arrow_cajh7 select__arrow_5l6nj"
                    fill="currentColor"
                    focusable="false"
                    height="24"
                    role="img"
                    viewBox="0 0 24 24"
                    width="24"
                  >
                    <path
                      d="M12 14L6.5 8.5 5 10l7 7 7-7-1.5-1.5L12 14z"
                    />
                  </svg>
                </div>
              </div>
            </div>
          </div>
          <input
            name="stickerNumbers"
            type="hidden"
            value="0"
          />
        </div>
        <button
          class="button__component_onnkc button__m_onnkc button__component_1qjkj button__primary_1qjkj"
          data-test-id="confirm"
          type="submit"
        >
          <span
            class="button__text_onnkc button__stretchText_onnkc"
          >
            В корзину
          </span>
        </button>
      </form>
    </div>
    <div
      alfa-portal-container=""
    />
  </body>,
  "container": <div>
    <form
      class="configForm"
      data-test-id="product-config-form"
    >
      <div
        aria-haspopup="listbox"
        aria-owns="downshift-1-menu"
        class="select__component_1frn5 select"
        data-test-id="color-select"
        role="combobox"
        tabindex="-1"
      >
        <div
          class="select__component_5l6nj"
        >
          <div
            class="form-control__component_3j482 form-control__component_tvifb form-control__s_3j482 form-control__block_3j482 form-control__hasRightAddons_3j482"
          >
            <div
              aria-controls="downshift-1-menu"
              aria-labelledby="downshift-1-label"
              class="select__field_5l6nj form-control__inner_3j482 form-control__inner_tvifb form-control__filled_3j482 form-control__filled_tvifb form-control__hasInnerLabel_3j482"
              data-test-id="color-select-field"
              id="downshift-0-input"
              tabindex="0"
            >
              <div
                class="form-control__inputWrapper_3j482"
              >
                <span
                  aria-hidden="true"
                  class="form-control__hiddenLabel_3j482"
                >
                  <span
                    for="downshift-0-input"
                    id="downshift-1-label"
                  >
                    цвет
                  </span>
                </span>
                <div
                  class="form-control__label_3j482 form-control__label_tvifb"
                >
                  <span
                    class="form-control__labelInner_3j482"
                  >
                    <span
                      for="downshift-0-input"
                      id="downshift-1-label"
                    >
                      цвет
                    </span>
                  </span>
                </div>
                <div
                  class="form-control__input_3j482"
                >
                  <div
                    class="select__contentWrapper_5l6nj"
                  >
                    <div
                      class="select__value_5l6nj"
                    >
                      <span>
                        белый
                      </span>
                    </div>
                  </div>
                </div>
              </div>
              <div
                class="form-control__addons_3j482 form-control__rightAddons_3j482"
              >
                <svg
                  class="select__arrow_cajh7 select__arrow_5l6nj"
                  fill="currentColor"
                  focusable="false"
                  height="24"
                  role="img"
                  viewBox="0 0 24 24"
                  width="24"
                >
                  <path
                    d="M12 14L6.5 8.5 5 10l7 7 7-7-1.5-1.5L12 14z"
                  />
                </svg>
              </div>
            </div>
          </div>
        </div>
        <input
          name="colors"
          type="hidden"
          value="0"
        />
      </div>
      <div
        aria-haspopup="listbox"
        aria-owns="downshift-3-menu"
        class="select__component_1frn5 select"
        data-test-id="size-select"
        role="combobox"
        tabindex="-1"
      >
        <div
          class="select__component_5l6nj"
        >
          <div
            class="form-control__component_3j482 form-control__component_tvifb form-control__s_3j482 form-control__block_3j482 form-control__hasRightAddons_3j482"
          >
            <div
              aria-controls="downshift-3-menu"
              aria-labelledby="downshift-3-label"
              class="select__field_5l6nj form-control__inner_3j482 form-control__inner_tvifb form-control__filled_3j482 form-control__filled_tvifb form-control__hasInnerLabel_3j482"
              data-test-id="size-select-field"
              id="downshift-2-input"
              tabindex="0"
            >
              <div
                class="form-control__inputWrapper_3j482"
              >
                <span
                  aria-hidden="true"
                  class="form-control__hiddenLabel_3j482"
                >
                  <span
                    for="downshift-2-input"
                    id="downshift-3-label"
                  >
                    размер
                  </span>
                </span>
                <div
                  class="form-control__label_3j482 form-control__label_tvifb"
                >
                  <span
                    class="form-control__labelInner_3j482"
                  >
                    <span
                      for="downshift-2-input"
                      id="downshift-3-label"
                    >
                      размер
                    </span>
                  </span>
                </div>
                <div
                  class="form-control__input_3j482"
                >
                  <div
                    class="select__contentWrapper_5l6nj"
                  >
                    <div
                      class="select__value_5l6nj"
                    >
                      <span>
                        M
                      </span>
                    </div>
                  </div>
                </div>
              </div>
              <div
                class="form-control__addons_3j482 form-control__rightAddons_3j482"
              >
                <svg
                  class="select__arrow_cajh7 select__arrow_5l6nj"
                  fill="currentColor"
                  focusable="false"
                  height="24"
                  role="img"
                  viewBox="0 0 24 24"
                  width="24"
                >
                  <path
                    d="M12 14L6.5 8.5 5 10l7 7 7-7-1.5-1.5L12 14z"
                  />
                </svg>
              </div>
            </div>
          </div>
        </div>
        <input
          name="sizes"
          type="hidden"
          value="0"
        />
      </div>
      <div
        aria-haspopup="listbox"
        aria-owns="downshift-5-menu"
        class="select__component_1frn5 select"
        data-test-id="stickerNumber-select"
        role="combobox"
        tabindex="-1"
      >
        <div
          class="select__component_5l6nj"
        >
          <div
            class="form-control__component_3j482 form-control__component_tvifb form-control__s_3j482 form-control__block_3j482 form-control__hasRightAddons_3j482"
          >
            <div
              aria-controls="downshift-5-menu"
              aria-labelledby="downshift-5-label"
              class="select__field_5l6nj form-control__inner_3j482 form-control__inner_tvifb form-control__filled_3j482 form-control__filled_tvifb form-control__hasInnerLabel_3j482"
              data-test-id="stickerNumber-select-field"
              id="downshift-4-input"
              tabindex="0"
            >
              <div
                class="form-control__inputWrapper_3j482"
              >
                <span
                  aria-hidden="true"
                  class="form-control__hiddenLabel_3j482"
                >
                  <span
                    for="downshift-4-input"
                    id="downshift-5-label"
                  >
                    номер стикера
                  </span>
                </span>
                <div
                  class="form-control__label_3j482 form-control__label_tvifb"
                >
                  <span
                    class="form-control__labelInner_3j482"
                  >
                    <span
                      for="downshift-4-input"
                      id="downshift-5-label"
                    >
                      номер стикера
                    </span>
                  </span>
                </div>
                <div
                  class="form-control__input_3j482"
                >
                  <div
                    class="select__contentWrapper_5l6nj"
                  >
                    <div
                      class="select__value_5l6nj"
                    >
                      <span>
                        1
                      </span>
                    </div>
                  </div>
                </div>
              </div>
              <div
                class="form-control__addons_3j482 form-control__rightAddons_3j482"
              >
                <svg
                  class="select__arrow_cajh7 select__arrow_5l6nj"
                  fill="currentColor"
                  focusable="false"
                  height="24"
                  role="img"
                  viewBox="0 0 24 24"
                  width="24"
                >
                  <path
                    d="M12 14L6.5 8.5 5 10l7 7 7-7-1.5-1.5L12 14z"
                  />
                </svg>
              </div>
            </div>
          </div>
        </div>
        <input
          name="stickerNumbers"
          type="hidden"
          value="0"
        />
      </div>
      <button
        class="button__component_onnkc button__m_onnkc button__component_1qjkj button__primary_1qjkj"
        data-test-id="confirm"
        type="submit"
      >
        <span
          class="button__text_onnkc button__stretchText_onnkc"
        >
          В корзину
        </span>
      </button>
    </form>
  </div>,
  "debug": [Function],
  "findAllByAltText": [Function],
  "findAllByDisplayValue": [Function],
  "findAllByLabelText": [Function],
  "findAllByPlaceholderText": [Function],
  "findAllByRole": [Function],
  "findAllByTestId": [Function],
  "findAllByText": [Function],
  "findAllByTitle": [Function],
  "findByAltText": [Function],
  "findByDisplayValue": [Function],
  "findByLabelText": [Function],
  "findByPlaceholderText": [Function],
  "findByRole": [Function],
  "findByTestId": [Function],
  "findByText": [Function],
  "findByTitle": [Function],
  "getAllByAltText": [Function],
  "getAllByDisplayValue": [Function],
  "getAllByLabelText": [Function],
  "getAllByPlaceholderText": [Function],
  "getAllByRole": [Function],
  "getAllByTestId": [Function],
  "getAllByText": [Function],
  "getAllByTitle": [Function],
  "getByAltText": [Function],
  "getByDisplayValue": [Function],
  "getByLabelText": [Function],
  "getByPlaceholderText": [Function],
  "getByRole": [Function],
  "getByTestId": [Function],
  "getByText": [Function],
  "getByTitle": [Function],
  "queryAllByAltText": [Function],
  "queryAllByDisplayValue": [Function],
  "queryAllByLabelText": [Function],
  "queryAllByPlaceholderText": [Function],
  "queryAllByRole": [Function],
  "queryAllByTestId": [Function],
  "queryAllByText": [Function],
  "queryAllByTitle": [Function],
  "queryByAltText": [Function],
  "queryByDisplayValue": [Function],
  "queryByLabelText": [Function],
  "queryByPlaceholderText": [Function],
  "queryByRole": [Function],
  "queryByTestId": [Function],
  "queryByText": [Function],
  "queryByTitle": [Function],
  "rerender": [Function],
  "unmount": [Function],
}
`;
